Loaded optimization checkpoint from file.
Found 15 iterations previously completed out of 30 total.
Will resume optimization.
| Iteration  |    FoM     |  Penalty   |  Contrast  |  Gradient  | Objective  |
-------------------------------------------------------------------------------
|     0      |   0.3323   |   0.4826   |   1.0000   | 1.770e-02  |  -0.1503   |
-------------------------------------------------------------------------------
|     1      |   0.3526   |   0.3055   |   2.0000   | 2.094e-02  |   0.0471   |
-------------------------------------------------------------------------------
|     2      |   0.3361   |   0.1869   |   3.0000   | 7.984e-03  |   0.1492   |
-------------------------------------------------------------------------------
|     3      |   0.3382   |   0.1208   |   4.0000   | 6.186e-03  |   0.2174   |
-------------------------------------------------------------------------------
|     4      |   0.3492   |   0.0798   |   5.0000   | 5.432e-03  |   0.2694   |
-------------------------------------------------------------------------------
|     5      |   0.3572   |   0.0517   |   6.0000   | 3.304e-03  |   0.3055   |
-------------------------------------------------------------------------------
|     6      |   0.3600   |   0.0356   |   7.0000   | 2.661e-03  |   0.3244   |
-------------------------------------------------------------------------------
|     7      |   0.3601   |   0.0268   |   8.0000   | 4.061e-03  |   0.3333   |
-------------------------------------------------------------------------------
|     8      |   0.3614   |   0.0224   |   9.0000   | 4.136e-03  |   0.3390   |
-------------------------------------------------------------------------------
|     9      |   0.3649   |   0.0214   |  10.0000   | 2.648e-03  |   0.3435   |
-------------------------------------------------------------------------------
|     10     |   0.3679   |   0.0217   |  11.0000   | 2.644e-03  |   0.3462   |
-------------------------------------------------------------------------------
|     11     |   0.3700   |   0.0221   |  12.0000   | 1.859e-03  |   0.3479   |
-------------------------------------------------------------------------------
|     12     |   0.3712   |   0.0228   |  13.0000   | 3.074e-03  |   0.3484   |
-------------------------------------------------------------------------------
|     13     |   0.3717   |   0.0234   |  14.0000   | 1.883e-03  |   0.3483   |
-------------------------------------------------------------------------------
|     14     |   0.3723   |   0.0239   |  15.0000   | 1.987e-03  |   0.3483   |
-------------------------------------------------------------------------------
|     15     |   0.3731   |   0.0243   |  16.0000   | 1.933e-03  |   0.3488   |
-------------------------------------------------------------------------------
|     16     |   0.3742   |   0.0246   |  17.0000   | 2.210e-03  |   0.3497   |
-------------------------------------------------------------------------------
|     17     |   0.3761   |   0.0247   |  18.0000   | 2.179e-03  |   0.3514   |
-------------------------------------------------------------------------------
|     18     |   0.3778   |   0.0248   |  19.0000   | 2.159e-03  |   0.3530   |
-------------------------------------------------------------------------------
|     19     |   0.3786   |   0.0250   |  20.0000   | 2.786e-03  |   0.3536   |
-------------------------------------------------------------------------------
|     20     |   0.3796   |   0.0252   |  21.0000   | 2.367e-03  |   0.3544   |
-------------------------------------------------------------------------------
|     21     |   0.3803   |   0.0254   |  22.0000   | 1.957e-03  |   0.3549   |
-------------------------------------------------------------------------------
|     22     |   0.3810   |   0.0253   |  23.0000   | 2.255e-03  |   0.3556   |
-------------------------------------------------------------------------------
|     23     |   0.3816   |   0.0252   |  24.0000   | 2.947e-03  |   0.3564   |
-------------------------------------------------------------------------------
|     24     |   0.3824   |   0.0248   |  25.0000   | 3.533e-03  |   0.3576   |
-------------------------------------------------------------------------------
|     25     |   0.3829   |   0.0245   |  26.0000   | 2.503e-03  |   0.3584   |
-------------------------------------------------------------------------------
|     26     |   0.3835   |   0.0244   |  27.0000   | 3.302e-03  |   0.3592   |
-------------------------------------------------------------------------------
|     27     |   0.3841   |   0.0232   |  28.0000   | 3.343e-03  |   0.3609   |
-------------------------------------------------------------------------------
|     28     |   0.3851   |   0.0230   |  29.0000   | 2.731e-03  |   0.3621   |
-------------------------------------------------------------------------------
|     29     |   0.3856   |   0.0228   |  30.0000   | 2.107e-03  |   0.3627   |
