Failed to load optimization checkpoint from file.
| Iteration  |    FoM     |  Penalty   |  Contrast  |  Gradient  | Objective  |
-------------------------------------------------------------------------------
|     0      |   0.3807   |   0.0282   |  10.0000   | 3.699e-03  |   0.3525   |
-------------------------------------------------------------------------------
|     1      |   0.3793   |   0.0243   |  11.4286   | 2.491e-03  |   0.3550   |
-------------------------------------------------------------------------------
|     2      |   0.3800   |   0.0233   |  12.8571   | 2.481e-03  |   0.3566   |
-------------------------------------------------------------------------------
|     3      |   0.3863   |   0.0239   |  14.2857   | 2.667e-03  |   0.3624   |
-------------------------------------------------------------------------------
|     4      |   0.3918   |   0.0231   |  15.7143   | 1.615e-03  |   0.3687   |
-------------------------------------------------------------------------------
|     5      |   0.3935   |   0.0223   |  17.1429   | 1.484e-03  |   0.3712   |
-------------------------------------------------------------------------------
|     6      |   0.3961   |   0.0221   |  18.5714   | 1.426e-03  |   0.3740   |
-------------------------------------------------------------------------------
|     7      |   0.3996   |   0.0222   |  20.0000   | 9.272e-04  |   0.3774   |
-------------------------------------------------------------------------------
|     8      |   0.4017   |   0.0220   |  21.4286   | 6.998e-04  |   0.3797   |
-------------------------------------------------------------------------------
|     9      |   0.4029   |   0.0216   |  22.8571   | 8.806e-04  |   0.3813   |
-------------------------------------------------------------------------------
|     10     |   0.4046   |   0.0221   |  24.2857   | 1.263e-03  |   0.3825   |
-------------------------------------------------------------------------------
|     11     |   0.4062   |   0.0212   |  25.7143   | 7.696e-04  |   0.3850   |
-------------------------------------------------------------------------------
|     12     |   0.4077   |   0.0210   |  27.1429   | 6.700e-04  |   0.3867   |
-------------------------------------------------------------------------------
|     13     |   0.4085   |   0.0207   |  28.5714   | 8.253e-04  |   0.3878   |
-------------------------------------------------------------------------------
|     14     |   0.4092   |   0.0203   |  30.0000   | 1.028e-03  |   0.3889   |
Loaded optimization checkpoint from file.
Found 15 iterations previously completed out of 15 total.
All iterations completed.
| Iteration  |    FoM     |  Penalty   |  Contrast  |  Gradient  | Objective  |
-------------------------------------------------------------------------------
|     0      |   0.3807   |   0.0282   |  10.0000   | 3.699e-03  |   0.3525   |
-------------------------------------------------------------------------------
|     1      |   0.3793   |   0.0243   |  11.4286   | 2.491e-03  |   0.3550   |
-------------------------------------------------------------------------------
|     2      |   0.3800   |   0.0233   |  12.8571   | 2.481e-03  |   0.3566   |
-------------------------------------------------------------------------------
|     3      |   0.3863   |   0.0239   |  14.2857   | 2.667e-03  |   0.3624   |
-------------------------------------------------------------------------------
|     4      |   0.3918   |   0.0231   |  15.7143   | 1.615e-03  |   0.3687   |
-------------------------------------------------------------------------------
|     5      |   0.3935   |   0.0223   |  17.1429   | 1.484e-03  |   0.3712   |
-------------------------------------------------------------------------------
|     6      |   0.3961   |   0.0221   |  18.5714   | 1.426e-03  |   0.3740   |
-------------------------------------------------------------------------------
|     7      |   0.3996   |   0.0222   |  20.0000   | 9.272e-04  |   0.3774   |
-------------------------------------------------------------------------------
|     8      |   0.4017   |   0.0220   |  21.4286   | 6.998e-04  |   0.3797   |
-------------------------------------------------------------------------------
|     9      |   0.4029   |   0.0216   |  22.8571   | 8.806e-04  |   0.3813   |
-------------------------------------------------------------------------------
|     10     |   0.4046   |   0.0221   |  24.2857   | 1.263e-03  |   0.3825   |
-------------------------------------------------------------------------------
|     11     |   0.4062   |   0.0212   |  25.7143   | 7.696e-04  |   0.3850   |
-------------------------------------------------------------------------------
|     12     |   0.4077   |   0.0210   |  27.1429   | 6.700e-04  |   0.3867   |
-------------------------------------------------------------------------------
|     13     |   0.4085   |   0.0207   |  28.5714   | 8.253e-04  |   0.3878   |
-------------------------------------------------------------------------------
|     14     |   0.4092   |   0.0203   |  30.0000   | 1.028e-03  |   0.3889   |
