| Iteration  |    FoM     |  Penalty   |  Contrast  |  Gradient  | Objective  |
-------------------------------------------------------------------------------
| Iteration  |    FoM     |  Penalty   |  Contrast  |  Gradient  | Objective  |
-------------------------------------------------------------------------------
|     0      |   0.2234   |   0.0199   |   8.0000   | 1.224e-02  |   0.2035   |
-------------------------------------------------------------------------------
|     1      |   0.2364   |   0.0085   |   9.3333   | 1.701e-03  |   0.2279   |
-------------------------------------------------------------------------------
|     2      |   0.2525   |   0.0122   |  10.6667   | 4.968e-03  |   0.2404   |
-------------------------------------------------------------------------------
| Iteration  |    FoM     |  Penalty   |  Contrast  |  Gradient  | Objective  |
-------------------------------------------------------------------------------
|     0      |   0.2186   |   0.5321   |   1.0000   | 1.607e-02  |  -0.3136   |
-------------------------------------------------------------------------------
|     1      |   0.2244   |   0.6080   |   2.0000   | 2.830e-02  |  -0.3836   |
-------------------------------------------------------------------------------
|     2      |   0.2375   |   0.2797   |   3.0000   | 1.183e-02  |  -0.0422   |
-------------------------------------------------------------------------------
| Iteration  |    FoM     |  Penalty   |  Contrast  |  Gradient  | Objective  |
-------------------------------------------------------------------------------
|     0      |   0.1678   |   0.6282   |   1.0000   | 1.334e-02  |  -0.4604   |
-------------------------------------------------------------------------------
|     1      |   0.0913   |   0.8733   |   2.0000   | 9.926e-03  |  -0.7821   |
-------------------------------------------------------------------------------
|     2      |   0.2154   |   0.5404   |   3.0000   | 2.886e-02  |  -0.3250   |
-------------------------------------------------------------------------------
|     3      |   0.2212   |   0.2307   |   4.0000   | 1.330e-02  |  -0.0095   |
-------------------------------------------------------------------------------
|     4      |   0.2225   |   0.1092   |   5.0000   | 8.171e-03  |   0.1133   |
-------------------------------------------------------------------------------
|     5      |   0.2280   |   0.0586   |   6.0000   | 7.458e-03  |   0.1694   |
-------------------------------------------------------------------------------
|     6      |   0.2344   |   0.0342   |   7.0000   | 1.139e-02  |   0.2001   |
-------------------------------------------------------------------------------
|     7      |   0.2426   |   0.0197   |   8.0000   | 1.988e-02  |   0.2229   |
-------------------------------------------------------------------------------
|     8      |   0.2454   |   0.0092   |   9.0000   | 3.712e-03  |   0.2362   |
-------------------------------------------------------------------------------
|     9      |   0.2498   |   0.0096   |  10.0000   | 2.277e-03  |   0.2402   |
Loaded optimization checkpoint from file.
Found 10 iterations previously completed out of 10 total.
All iterations completed.
| Iteration  |    FoM     |  Penalty   |  Contrast  |  Gradient  | Objective  |
-------------------------------------------------------------------------------
|     0      |   0.1678   |   0.6282   |   1.0000   | 1.334e-02  |  -0.4604   |
-------------------------------------------------------------------------------
|     1      |   0.0913   |   0.8733   |   2.0000   | 9.926e-03  |  -0.7821   |
-------------------------------------------------------------------------------
|     2      |   0.2154   |   0.5404   |   3.0000   | 2.886e-02  |  -0.3250   |
-------------------------------------------------------------------------------
|     3      |   0.2212   |   0.2307   |   4.0000   | 1.330e-02  |  -0.0095   |
-------------------------------------------------------------------------------
|     4      |   0.2225   |   0.1092   |   5.0000   | 8.171e-03  |   0.1133   |
-------------------------------------------------------------------------------
|     5      |   0.2280   |   0.0586   |   6.0000   | 7.458e-03  |   0.1694   |
-------------------------------------------------------------------------------
|     6      |   0.2344   |   0.0342   |   7.0000   | 1.139e-02  |   0.2001   |
-------------------------------------------------------------------------------
|     7      |   0.2426   |   0.0197   |   8.0000   | 1.988e-02  |   0.2229   |
-------------------------------------------------------------------------------
|     8      |   0.2454   |   0.0092   |   9.0000   | 3.712e-03  |   0.2362   |
-------------------------------------------------------------------------------
|     9      |   0.2498   |   0.0096   |  10.0000   | 2.277e-03  |   0.2402   |
Loaded optimization checkpoint from file.
Found 10 iterations previously completed out of 10 total.
All iterations completed.
| Iteration  |    FoM     |  Penalty   |  Contrast  |  Gradient  | Objective  |
-------------------------------------------------------------------------------
|     0      |   0.1678   |   0.6282   |   1.0000   | 1.334e-02  |  -0.4604   |
-------------------------------------------------------------------------------
|     1      |   0.0913   |   0.8733   |   2.0000   | 9.926e-03  |  -0.7821   |
-------------------------------------------------------------------------------
|     2      |   0.2154   |   0.5404   |   3.0000   | 2.886e-02  |  -0.3250   |
-------------------------------------------------------------------------------
|     3      |   0.2212   |   0.2307   |   4.0000   | 1.330e-02  |  -0.0095   |
-------------------------------------------------------------------------------
|     4      |   0.2225   |   0.1092   |   5.0000   | 8.171e-03  |   0.1133   |
-------------------------------------------------------------------------------
|     5      |   0.2280   |   0.0586   |   6.0000   | 7.458e-03  |   0.1694   |
-------------------------------------------------------------------------------
|     6      |   0.2344   |   0.0342   |   7.0000   | 1.139e-02  |   0.2001   |
-------------------------------------------------------------------------------
|     7      |   0.2426   |   0.0197   |   8.0000   | 1.988e-02  |   0.2229   |
-------------------------------------------------------------------------------
|     8      |   0.2454   |   0.0092   |   9.0000   | 3.712e-03  |   0.2362   |
-------------------------------------------------------------------------------
|     9      |   0.2498   |   0.0096   |  10.0000   | 2.277e-03  |   0.2402   |
Loaded optimization checkpoint from file.
Found 10 iterations previously completed out of 10 total.
All iterations completed.
| Iteration  |    FoM     |  Penalty   |  Contrast  |  Gradient  | Objective  |
-------------------------------------------------------------------------------
|     0      |   0.1678   |   0.6282   |   1.0000   | 1.334e-02  |  -0.4604   |
-------------------------------------------------------------------------------
|     1      |   0.0913   |   0.8733   |   2.0000   | 9.926e-03  |  -0.7821   |
-------------------------------------------------------------------------------
|     2      |   0.2154   |   0.5404   |   3.0000   | 2.886e-02  |  -0.3250   |
-------------------------------------------------------------------------------
|     3      |   0.2212   |   0.2307   |   4.0000   | 1.330e-02  |  -0.0095   |
-------------------------------------------------------------------------------
|     4      |   0.2225   |   0.1092   |   5.0000   | 8.171e-03  |   0.1133   |
-------------------------------------------------------------------------------
|     5      |   0.2280   |   0.0586   |   6.0000   | 7.458e-03  |   0.1694   |
-------------------------------------------------------------------------------
|     6      |   0.2344   |   0.0342   |   7.0000   | 1.139e-02  |   0.2001   |
-------------------------------------------------------------------------------
|     7      |   0.2426   |   0.0197   |   8.0000   | 1.988e-02  |   0.2229   |
-------------------------------------------------------------------------------
|     8      |   0.2454   |   0.0092   |   9.0000   | 3.712e-03  |   0.2362   |
-------------------------------------------------------------------------------
|     9      |   0.2498   |   0.0096   |  10.0000   | 2.277e-03  |   0.2402   |
Loaded optimization checkpoint from file.
Found 10 iterations previously completed out of 10 total.
All iterations completed.
| Iteration  |    FoM     |  Penalty   |  Contrast  |  Gradient  | Objective  |
-------------------------------------------------------------------------------
|     0      |   0.1678   |   0.6282   |   1.0000   | 1.334e-02  |  -0.4604   |
-------------------------------------------------------------------------------
|     1      |   0.0913   |   0.8733   |   2.0000   | 9.926e-03  |  -0.7821   |
-------------------------------------------------------------------------------
|     2      |   0.2154   |   0.5404   |   3.0000   | 2.886e-02  |  -0.3250   |
-------------------------------------------------------------------------------
|     3      |   0.2212   |   0.2307   |   4.0000   | 1.330e-02  |  -0.0095   |
-------------------------------------------------------------------------------
|     4      |   0.2225   |   0.1092   |   5.0000   | 8.171e-03  |   0.1133   |
-------------------------------------------------------------------------------
|     5      |   0.2280   |   0.0586   |   6.0000   | 7.458e-03  |   0.1694   |
-------------------------------------------------------------------------------
|     6      |   0.2344   |   0.0342   |   7.0000   | 1.139e-02  |   0.2001   |
-------------------------------------------------------------------------------
|     7      |   0.2426   |   0.0197   |   8.0000   | 1.988e-02  |   0.2229   |
-------------------------------------------------------------------------------
|     8      |   0.2454   |   0.0092   |   9.0000   | 3.712e-03  |   0.2362   |
-------------------------------------------------------------------------------
|     9      |   0.2498   |   0.0096   |  10.0000   | 2.277e-03  |   0.2402   |
Loaded optimization checkpoint from file.
Found 10 iterations previously completed out of 10 total.
All iterations completed.
| Iteration  |    FoM     |  Penalty   |  Contrast  |  Gradient  | Objective  |
-------------------------------------------------------------------------------
|     0      |   0.1678   |   0.6282   |   1.0000   | 1.334e-02  |  -0.4604   |
-------------------------------------------------------------------------------
|     1      |   0.0913   |   0.8733   |   2.0000   | 9.926e-03  |  -0.7821   |
-------------------------------------------------------------------------------
|     2      |   0.2154   |   0.5404   |   3.0000   | 2.886e-02  |  -0.3250   |
-------------------------------------------------------------------------------
|     3      |   0.2212   |   0.2307   |   4.0000   | 1.330e-02  |  -0.0095   |
-------------------------------------------------------------------------------
|     4      |   0.2225   |   0.1092   |   5.0000   | 8.171e-03  |   0.1133   |
-------------------------------------------------------------------------------
|     5      |   0.2280   |   0.0586   |   6.0000   | 7.458e-03  |   0.1694   |
-------------------------------------------------------------------------------
|     6      |   0.2344   |   0.0342   |   7.0000   | 1.139e-02  |   0.2001   |
-------------------------------------------------------------------------------
|     7      |   0.2426   |   0.0197   |   8.0000   | 1.988e-02  |   0.2229   |
-------------------------------------------------------------------------------
|     8      |   0.2454   |   0.0092   |   9.0000   | 3.712e-03  |   0.2362   |
-------------------------------------------------------------------------------
|     9      |   0.2498   |   0.0096   |  10.0000   | 2.277e-03  |   0.2402   |
Loaded optimization checkpoint from file.
Found 10 iterations previously completed out of 10 total.
All iterations completed.
| Iteration  |    FoM     |  Penalty   |  Contrast  |  Gradient  | Objective  |
-------------------------------------------------------------------------------
|     0      |   0.1678   |   0.6282   |   1.0000   | 1.334e-02  |  -0.4604   |
-------------------------------------------------------------------------------
|     1      |   0.0913   |   0.8733   |   2.0000   | 9.926e-03  |  -0.7821   |
-------------------------------------------------------------------------------
|     2      |   0.2154   |   0.5404   |   3.0000   | 2.886e-02  |  -0.3250   |
-------------------------------------------------------------------------------
|     3      |   0.2212   |   0.2307   |   4.0000   | 1.330e-02  |  -0.0095   |
-------------------------------------------------------------------------------
|     4      |   0.2225   |   0.1092   |   5.0000   | 8.171e-03  |   0.1133   |
-------------------------------------------------------------------------------
|     5      |   0.2280   |   0.0586   |   6.0000   | 7.458e-03  |   0.1694   |
-------------------------------------------------------------------------------
|     6      |   0.2344   |   0.0342   |   7.0000   | 1.139e-02  |   0.2001   |
-------------------------------------------------------------------------------
|     7      |   0.2426   |   0.0197   |   8.0000   | 1.988e-02  |   0.2229   |
-------------------------------------------------------------------------------
|     8      |   0.2454   |   0.0092   |   9.0000   | 3.712e-03  |   0.2362   |
-------------------------------------------------------------------------------
|     9      |   0.2498   |   0.0096   |  10.0000   | 2.277e-03  |   0.2402   |
